// Jest Snapshot v1, https://goo.gl/fbAQLP

exports[`<Input /> matches snapshot 1`] = `
<DocumentFragment>
  <div
    class="MuiFormControl-root MuiTextField-root css-ev9kko-MuiFormControl-root-MuiTextField-root"
  >
    <label
      class="MuiInputLabel-root MuiInputLabel-formControl MuiInputLabel-animated MuiInputLabel-outlined MuiFormLabel-root MuiFormLabel-colorPrimary css-14s5rfu-MuiFormLabel-root-MuiInputLabel-root"
      data-shrink="false"
      for="mui-1"
      id="mui-1-label"
    >
      label
    </label>
    <div
      class="MuiOutlinedInput-root MuiInputBase-root MuiInputBase-colorPrimary MuiInputBase-formControl css-9ddj71-MuiInputBase-root-MuiOutlinedInput-root"
    >
      <input
        aria-invalid="false"
        class="MuiOutlinedInput-input MuiInputBase-input css-1t8l2tu-MuiInputBase-input-MuiOutlinedInput-input"
        id="mui-1"
        placeholder="input"
        type="text"
        value=""
      />
      <fieldset
        aria-hidden="true"
        class="MuiOutlinedInput-notchedOutline css-1d3z3hw-MuiOutlinedInput-notchedOutline"
      >
        <legend
          class="css-173wfxe"
        >
          <span>
            label
          </span>
        </legend>
      </fieldset>
    </div>
  </div>
</DocumentFragment>
`;
